[webserver/wiki/index.php/Trinigy_CI_Premake.html]
[backblue.gif]
[fade.gif]
[index.html]
[webserver/wiki/skins/common/wikibits3905.js]
[webserver/wiki/skins/common/ajax3905.js]
[webserver/wiki/index.php/Trinigy_CI_Premake_Changelist.html]
[webserver/wiki/index.php/Trinigy_CI_Premake_VS2Premake.html]
[webserver/wiki/index.php/Trinigy_CI_Premake_Solution.html]
[webserver/wiki/index.php/Trinigy_CI_Premake_Project.html]
[webserver/wiki/skins/common/images/wiki.png]
[webserver/wiki/index.php/Main_Page.html]
[webserver/wiki/index.php/CompanyWiki_Community_portal]
[webserver/wiki/index.php/CompanyWiki_Current_events]
[webserver/wiki/index.php/Special_RecentChanges.html]
[webserver/wiki/index.php/Special_Random]
[webserver/wiki/index.php/Admin_VServerMail.html]
[webserver/wiki/index.php/Help_Contents]
[webserver/wiki/index.php/Special_WhatLinksHere/Trinigy_CI_Premake.html]
[webserver/wiki/index.php/Special_RecentChangesLinked/Trinigy_CI_Premake.html]
[webserver/wiki/index.php/Special_SpecialPages.html]
[webserver/wiki/skins/common/images/poweredby_mediawiki_88x31.png]
[webserver/wiki/index.php/CompanyWiki_Privacy_policy]
[webserver/wiki/index.php/CompanyWiki_About]
[webserver/wiki/index.php/CompanyWiki_General_disclaimer]
[webserver/wiki/index.php/Trinigy_CI_Premake.html]
[webserver/wiki/skins/common/shared3905.css]
[webserver/wiki/skins/common/commonPrint3905.css]
[webserver/wiki/skins/monobook/main3905.css]
[webserver/wiki/index.php/Trinigy_CI_Premake_Changelist.html]
[webserver/wiki/index.php/Trinigy_CI_Premake_VS2Premake.html]
[webserver/wiki/index.php/Trinigy_CI_Premake_Solution.html]
[webserver/wiki/index.php/Trinigy_CI_Premake_Project.html]
[webserver/wiki/index.php/Main_Page.html]
[webserver/wiki/index.php/CompanyWiki_Community_portal.html]
[webserver/wiki/index.php/CompanyWiki_Current_events.html]
[webserver/wiki/index.php/Special_RecentChanges.html]
[webserver/wiki/index.php/Admin_VServerMail.html]
[webserver/wiki/index.php/Help_Contents.html]
[webserver/wiki/index.php/Special_WhatLinksHere/Trinigy_CI_Premake.html]
[webserver/wiki/index.php/Special_RecentChangesLinked/Trinigy_CI_Premake.html]
[webserver/wiki/index.php/Special_SpecialPages.html]
[webserver/wiki/index.php/CompanyWiki_Privacy_policy.html]
[webserver/wiki/index.php/CompanyWiki_About.html]
[webserver/wiki/index.php/CompanyWiki_General_disclaimer.html]
